

Fri Sep 29 13:14:32 2017
Command line: TestDisk

TestDisk 6.14, Data Recovery Utility, July 2013
Christophe GRENIER <grenier@cgsecurity.org>
http://www.cgsecurity.org
OS: Linux, kernel 4.1.8 (#1 SMP Mon Sep 28 07:44:12 EET 2015) x86_64
Compiler: GCC 4.9
Compilation date: 2014-10-19T15:35:24
ext2fs lib: 1.43.3, ntfs lib: libntfs-3g, reiserfs lib: none, ewf lib: none
/dev/sda: LBA, HPA, LBA48, DCO support
/dev/sda: size       1953525168 sectors
/dev/sda: user_max   1953525168 sectors
/dev/sda: native_max 1953525168 sectors
/dev/sda: dco        1953525168 sectors
Warning: can't get size for Disk /dev/mapper/control - 0 B - 1 sectors, sector size=512
Hard disk list
Disk /dev/sda - 1000 GB / 931 GiB - CHS 121601 255 63, sector size=512 - WDC WD10JPVX-00JC3T0, S/N:WD-WX11AB59KESL, FW:01.01A01

Partition table type (auto): Intel
Disk /dev/sda - 1000 GB / 931 GiB - WDC WD10JPVX-00JC3T0
Partition table type: Intel

Interface Advanced
Geometry from i386 MBR: head=255 sector=63
NTFS at 0/32/33
get_geometry_from_list_part_aux head=255 nbr=6
get_geometry_from_list_part_aux head=8 nbr=1
get_geometry_from_list_part_aux head=255 nbr=6
 1 * HPFS - NTFS              0  32 33  6374  59 21  102400000
     NTFS, blocksize=4096, 52 GB / 48 GiB
 2 P Linux                 6374  59 22  9561  72 47   51200000
     ext4 blocksize=4096 Large file Sparse superblock Recover, 26 GB / 24 GiB
 3 P Linux                 9561  72 48 12746 108 34   51169280
     ext4 blocksize=4096 Large file Sparse superblock, 26 GB / 24 GiB
 4 E extended LBA         12748 118 41 121601  80 63 1748721074
 5 L Linux                12748 118 43 38244 225 61  409600000 [home]
     ext4 blocksize=4096 Large file Sparse superblock Recover, 209 GB / 195 GiB
   X extended             38245   0  1 65862 155 21  443676891
 6 L Linux                38245   3 31 65862 155 21  443676672 [data1]
     ext4 blocksize=4096 Large file Sparse superblock Recover, 227 GB / 211 GiB
   X extended             65862 155 22 93480  84 44  443678720
 7 L Linux                65862 187 54 93480  84 44  443676672 [data2]
     ext4 blocksize=4096 Large file Sparse superblock, 227 GB / 211 GiB
   X extended             93481   0  1 97342 254 63   62043030
 8 L Linux                93481   1  1 97342 254 63   62042967 [lfs]
     ext4 blocksize=4096 Large file Sparse superblock, 31 GB / 29 GiB
   X extended             121098   0  1 121601  80 63    8085798
 9 L Linux Swap           121098  46 37 121601  80 63    8082864
     SWAP2 version 1, pagesize=4096, 4138 MB / 3946 MiB


dir_partition inode=2
 5 L Linux                12748 118 43 38244 225 61  409600000 [home]
     ext4 blocksize=4096 Large file Sparse superblock Recover, 209 GB / 195 GiB
Directory /
       2 drwxr-xr-x     0      0      4096  4-Sep-2017 22:05 .
       2 drwxr-xr-x     0      0      4096  4-Sep-2017 22:05 ..
 8519681 drwxr-xr-x  1000   1000      4096 29-Sep-2017 12:53 red
  786433 drwxr-xr-x  1001   1001      4096 11-Sep-2017 22:40 hduser
 9437185 drwxr-xr-x  1000   1000      4096 21-Sep-2017 21:30 Basic
X     12 -rw-r--r--     0      0         0 18-Sep-2017 22:25 1
X11010049 drwxr-xr-x  1000   1000         0  4-Sep-2017 15:06 TEMP
X     13 -rwxr-xr-x  1000   1000         0  4-Sep-2017 18:08 hive_select.sh
X6029313 drwx------     0      0         0 14-Nov-2016 16:42 .cache
X 524289 drwxr-xr-x     0      0         0 14-Nov-2016 16:42 .hplip
X 786433 drwxr-xr-x  1001   1001      4096 11-Sep-2017 22:40 .thumbnails
X9961473 drwxr-xr-x  1000   1000      4096 18-Nov-2016 01:07 .pki
X4456449 drwxr-xr-x  1000   1000         0 21-Jun-2017 21:56 DEB
X     13 -rwxr-xr-x  1000   1000         0  4-Sep-2017 18:08 .bash_history
X7733249 drwxr-xr-x     0      0         0 14-Nov-2016 16:42 Movies
X6422529 drwxr-----     0      0         0 14-Nov-2016 16:42 Projects
X2490369 drwxr-xr-x  1000   1000      4096 22-Dec-2016 19:47 .sami
X     14 -rw-rw-r--  1000   1000         0  5-Feb-2017 15:10 .directory
X12058625 drwx------     0      0         0 14-Nov-2016 16:42 .gnome2
X12320769 drwx------  1000   1000         0 17-Aug-2017 00:46 .gnome2_private
X11665409 drwxr-xr-x  1000   1000         0 15-Aug-2017 10:57 .gconf
X7340033 drwx------     0      0         0 14-Nov-2016 16:42 .mozilla
X7471105 drwxr-xr-x  1000   1000      4096 21-Mar-2017 15:35 Notes
X     12 -rw-r--r--     0      0         0 18-Sep-2017 22:25 .dmrc
X10223617 drwxr-xr-x  1000   1000      4096 18-Nov-2016 01:10 Quotes
X7602177 drwxr-xr-x  1000   1000      4096 17-Aug-2017 00:48 Isos
X7864321 drwxr-xr-x     0      0         0 14-Nov-2016 16:50 Edu
X     26 -rw-r--r--     0      0         0 14-Nov-2016 16:42 .face.icon
X8126465 drwxr-xr-x     0      0         0 14-Nov-2016 16:42 Quran
X6946817 drwxr-xr-x     0      0         0 14-Nov-2016 16:42 .qmmp
X     16 -rw-r--r--     0      0         0 14-Nov-2016 15:36 Kleos_1.2a04_amd64.7z
X3538945 drwxr-xr-x  1000   1000         0 16-Mar-2016 14:19 Series
X     21 -rw-r-----     0      0         0 17-Mar-2016 19:50 .gksu.lock
X9043969 drwxr-xr-x     0      0         0 14-Nov-2016 16:42 .gstreamer-0.10
X     29 -rw-r--r--     0      0         0 14-Nov-2016 16:42 .goutputstream-47NTDY
X9437185 drwxr-xr-x  1000   1000      4096 21-Sep-2017 21:30 first
X9306113 drwxr-xr-x     0      0         0 14-Nov-2016 16:42 .wine
X     30 drwxr-xr-x  1000   1000         0 16-Nov-2016 03:50 baloo-xattr-check-{978f561f-65c0-430f-a5af-2deb54065eb8}
X     22 -rwxr-----     0      0         0 14-Nov-2016 16:42 linux-4.3.2.tar.xz
X     23 drwxr-xr-x  1000   1000         0 16-Nov-2016 03:50 Linux_kernel_INPUT_OUPUT_evdev_gem_USB_framebuffer.svg
X     24 -rw-r--r--  1000   1000  75492552 24-Feb-2016 12:47 VIDEO_DRVR_WIN_R288344.EXE
X     25 drwxr-xr-x  1000   1000         0 16-Nov-2016 03:50 xflux

dir_partition inode=9437185
 5 L Linux                12748 118 43 38244 225 61  409600000 [home]
     ext4 blocksize=4096 Large file Sparse superblock Recover, 209 GB / 195 GiB
Directory /Basic
 9437185 drwxr-xr-x  1000   1000      4096 21-Sep-2017 21:30 .
       2 drwxr-xr-x     0      0      4096  4-Sep-2017 22:05 ..
 9437186 drwxr-xr-x  1000   1000     12288 29-Sep-2017 00:10 Downloads
 9437187 drwxr-xr-x  1000   1000      4096  4-Sep-2017 16:51 Documents
 9437189 drwxr-xr-x  1000   1000      4096 26-Sep-2017 16:33 Pictures
 9437190 drwxr-xr-x  1000   1000      4096 28-Sep-2017 23:53 Projects
 9437191 drwxr-xr-x  1000   1000      4096 15-Sep-2017 21:48 Videos
 9713863 drwxr-xr-x  1000   1000      4096  9-Sep-2017 16:04 Music
 9835380 drwxr-xr-x  1000   1000      4096  7-Aug-2017 15:58 Edu
 7602177 drwxr-xr-x  1000   1000      4096 17-Aug-2017 00:48 Movies
 9453621 drwxr-xr-x  1000   1000      4096  5-Feb-2017 18:30 Android
 9461895 drwxr-xr-x  1000   1000      4096 14-Mar-2017 17:10 .local
 9477801 -rw-r--r--  1000   1000      3150 21-Sep-2017 21:30 1
 9961771 drwxr-xr-x  1000   1000      4096 22-Aug-2017 00:02 Isos
 9962628 drwxr-xr-x  1000   1000      4096 16-Dec-2016 20:54 Quran
 10224292 drwxr-xr-x  1000   1000      4096 12-Jan-2017 14:25 Blender
 9469978 drwxr-xr-x  1000   1000      4096  4-Sep-2017 15:07 Series
 9453623 drwxr-xr-x  1000   1000      4096  5-Mar-2017 16:03 AndroidStudioProjects
X9477794 -rw-r--r--  1000   1000    317174 21-Sep-2017 22:26 .1.kate-swp
 9789590 drwxr-xr-x  1000   1000      4096  3-Sep-2017 04:58 VirtualBox VMs
X9477801 -rw-r--r--  1000   1000      3150 21-Sep-2017 21:30 1a27446.new
X7733249 drwxr-xr-x     0      0         0 14-Nov-2016 16:42 Movies
X11010049 drwxr-xr-x  1000   1000         0  4-Sep-2017 15:06 Music
 7471105 drwxr-xr-x  1000   1000      4096 21-Mar-2017 15:35 Notes
X2097153 drwxr-----     0      0         0 14-Nov-2016 16:42 Pictures
X6422529 drwxr-----     0      0         0 14-Nov-2016 16:42 Projects
X10223617 drwxr-xr-x  1000   1000      4096 18-Nov-2016 01:10 Quotes
X8126465 drwxr-xr-x     0      0         0 14-Nov-2016 16:42 Quran
 10756106 drwxr-xr-x  1000   1000      4096  3-Sep-2017 14:37 EXE
X2228225 drwxr-----     0      0         0 14-Nov-2016 16:42 Videos
X     13 -rwxr-xr-x  1000   1000         0  4-Sep-2017 18:08 .bash_history
X     14 -rw-rw-r--  1000   1000         0  5-Feb-2017 15:10 .directory
X     12 -rw-r--r--     0      0         0 18-Sep-2017 22:25 .dmrc
X     26 -rw-r--r--     0      0         0 14-Nov-2016 16:42 .face.icon
X     21 -rw-r-----     0      0         0 17-Mar-2016 19:50 .gksu.lock
X     29 -rw-r--r--     0      0         0 14-Nov-2016 16:42 .goutputstream-47NTDY
X9437425 -rwxr-xr-x  1000   1000     71320 28-Jun-2015 20:31 .Xauthority
X9437186 drwxr-xr-x  1000   1000     12288 29-Sep-2017 00:10 .xsession-errors
X9568257 drwxr-xr-x  1000   1000      4096  7-Mar-2017 04:09 .opera
X9568488 -rw-r--r--  1000   1000     18806  7-Mar-2017 04:09 .adobe
X9568492 -rw-r--r--  1000   1000      6079  7-Mar-2017 04:09 .macromedia
X9570428 -rw-r--r--  1000   1000         8  7-Mar-2017 04:34 .kodi
X9437234 -rw-r--r--  1000   1000       257 21-Dec-2015 23:16 .icons
X9961513 -rw-r--r--  1000   1000   3541389 18-Nov-2016 01:07 .gnome
 9437188 drwxr-xr-x  1000   1000      4096  9-Mar-2016 19:25 .gimp-2.8
X9437191 drwxr-xr-x  1000   1000      4096 15-Sep-2017 21:48 .codeblocks
X9437423 -rwxr-xr-x  1000   1000     65300 28-Jun-2015 20:31 Eclipse
X9445377 drwxr-xr-x  1000   1000      4096 31-Mar-2017 01:34 .ssh
X9437235 -rw-r--r--  1000   1000       260 21-Dec-2015 23:16 .recently-used
X9437424 -rwxr-xr-x  1000   1000     65296 28-Jun-2015 20:31 Lyrics
X9437427 -rw-r--r--  1000   1000     58716 28-Jun-2015 20:31 Android
 9445649 drwxr-xr-x  1000   1000      4096 27-Nov-2016 12:38 NetBeansProjects
X9445673 -rwxrwxrwx  1000   1000   5763681 14-Nov-2013 05:04 lfs.commands
X9833749 -rw-r--r--  1000   1000         4 15-Mar-2017 21:03 Sources

dir_partition inode=9437190
 5 L Linux                12748 118 43 38244 225 61  409600000 [home]
     ext4 blocksize=4096 Large file Sparse superblock Recover, 209 GB / 195 GiB
Directory /Basic/Projects
 9437190 drwxr-xr-x  1000   1000      4096 28-Sep-2017 23:53 .
 9437185 drwxr-xr-x  1000   1000      4096 21-Sep-2017 21:30 ..
 9963189 drwxr-xr-x  1000   1000      4096  7-Mar-2017 13:12 Assets
 9713869 drwxr-xr-x  1000   1000      4096 25-Jun-2017 02:40 Python
 10224288 drwxr-xr-x  1000   1000      4096 11-Dec-2016 00:57 Bash
 9461795 drwxr-xr-x  1000   1000      4096 18-Jul-2017 16:03 mpc-hc
 9650181 drwxr-xr-x  1000   1000      4096 16-Aug-2017 05:49 Brave-linux-x64
 9469983 drwxr-xr-x  1000   1000      4096 31-Aug-2017 14:27 npm
 9470186 drwxr-xr-x  1000   1000      4096  9-Sep-2017 22:38 gimp
 9438003 drwxr-xr-x  1000   1000      4096 15-Feb-2017 17:51 webvtt-py-0.3.0
 9478176 drwxr-xr-x  1000   1000      4096 22-Jul-2017 12:36 vtweet
 9912368 drwxr-xr-x  1000   1000      4096 10-Aug-2017 00:14 DayCarer
 9438823 drwxr-xr-x  1000   1000      4096  7-Mar-2017 04:15 vlc
 9437909 drwxr-xr-x  1000   1000      4096 29-Mar-2017 12:11 qt
 9443327 -rw-r--r--  1000   1000        14  5-Mar-2017 15:51 test.py
 9443328 -rw-r--r--  1000   1000       396  1-Mar-2017 14:12 thread.c++
 9439033 drwxr-xr-x  1000   1000      4096 15-Nov-2016 09:11 qmmp
 9470190 drwxr-xr-x  1000   1000      4096 22-Sep-2017 02:37 php-7.1.9
 9437652 drwxr-xr-x  1000   1000      4096  4-Mar-2017 18:56 mld
 10224460 drwxr-xr-x  1000   1000      4096  7-Mar-2017 13:09 ArtWork
 10751660 drwxr-xr-x  1000   1000      4096  7-Mar-2017 13:20 libqtlua-2.1
 9478408 drwxr-xr-x  1000   1000      4096 21-Sep-2017 13:44 pipewire
 9437757 drwxr-xr-x  1000   1000      4096 29-Mar-2017 01:52 highlights
 9574513 drwxr-xr-x  1000   1000      4096 29-Mar-2017 01:53 etkallem
 9478169 drwxr-xr-x  1000   1000      4096 18-Apr-2017 22:33 lfs
 9551878 drwxr-xr-x  1000   1000      4096 23-Apr-2017 15:40 examples
 9560086 drwxr-xr-x  1000   1000      4096 23-Apr-2017 16:00 vlc-qt
 9478170 drwxr-xr-x  1000   1000      4096 25-Apr-2017 00:20 Youtube
 9502746 drwxr-xr-x  1000   1000      4096 24-Apr-2017 18:25 gumbo-query
 9625621 drwxr-xr-x  1000   1000      4096 24-Apr-2017 17:55 gumbo-parser
 9453606 drwxr-xr-x  1000   1000      4096  7-Aug-2017 15:58 VSCode-linux-x64
 9453608 drwxr-xr-x  1000   1000      4096  8-Aug-2017 20:24 PhpStorm-172.3544.41
 9478402 drwxr-xr-x  1000   1000      4096 19-Sep-2017 20:27 sublime_text_3
 9444883 -rwxr-xr-x  1000   1000      9728 25-Apr-2017 12:20 dw
 9444882 -rw-r--r--  1000   1000      1524 25-Apr-2017 12:19 dw.cpp
 9469972 drwxr-xr-x  1000   1000      4096 25-Apr-2017 14:46 YouTube-Download-Library
 9543709 drwxr-xr-x  1000   1000      4096 25-Apr-2017 15:10 youtube-dl-gui
 9461892 drwxr-xr-x  1000   1000      4096  5-Jun-2017 18:39 android-studio
 9551904 drwxr-xr-x  1000   1000      4096 12-May-2017 15:05 clipgrab
 10224235 drwxr-xr-x  1000   1000      4096  9-Dec-2016 13:29 apt-fast
 9437225 drwxr-xr-x  1000   1000      4096 21-Aug-2017 23:59 Cinelerra
 9478145 drwxr-xr-x  1000   1000      4096 10-May-2017 12:33 jhalfs-2.4
 9445377 drwxr-xr-x  1000   1000      4096 31-Mar-2017 01:34 teamviewer
 9601076 drwxr-xr-x  1000   1000      4096 15-Mar-2017 21:03 eb-virt
 9570836 drwxr-xr-x  1000   1000      4096  5-Apr-2017 11:28 netbeans
 9478147 drwxr-xr-x  1000   1000      4096 27-Apr-2017 19:33 kotlinc
 9642243 drwxr-xr-x  1000   1000      4096 21-Sep-2017 13:14 ninja
 9480223 -rw-r--r--  1000   1000  60632122 28-Sep-2017 23:53 firefox-57.0b3.tar.bz2
 9478163 drwxr-xr-x  1000   1000      4096 13-Sep-2017 19:38 php
 9443937 -rw-r--r--  1000   1000       562 25-Jun-2017 14:06 twitter.pyc
 9502991 drwxr-xr-x  1000   1000      4096 29-Sep-2017 07:58 firefox
 9453619 drwxr-xr-x  1000   1000      4096  1-Aug-2017 07:33 node-v6.11.2-linux-x64
X9454749 -rw-r--r--  1000   1000        14 21-Sep-2017 12:50 apache-hive-2.3.0-bin.tar.gz
 9461928 drwxr-xr-x  1000   1000      4096  1-Aug-2017 03:09 hadoop-2.7.4
 9461941 drwxr-xr-x  1000   1000      4096 29-Sep-2017 13:13 freelancer
X9457289 -rw-r--r--  1000   1000      3194 21-Sep-2017 12:50 wine-2.16.tar.xz
 9461947 drwxr-xr-x  1000   1000      4096  6-Sep-2017 00:32 wine-2.16
X9464176 -rw-r--r--  1000   1000     29292 11-Sep-2017 14:55 wps-office_10.1.0.5707~a21_x86_64.tar.xz
 9470173 drwxr-xr-x  1000   1000      4096  9-Jun-2017 12:12 wps-office_10.1.0.5707~a21_x86_64

dir_partition inode=9461941
 5 L Linux                12748 118 43 38244 225 61  409600000 [home]
     ext4 blocksize=4096 Large file Sparse superblock Recover, 209 GB / 195 GiB
Directory /Basic/Projects/freelancer
 9461941 drwxr-xr-x  1000   1000      4096 29-Sep-2017 13:13 .
 9437190 drwxr-xr-x  1000   1000      4096 28-Sep-2017 23:53 ..
 9494799 drwxr-xr-x  1000   1000      4096 27-Sep-2017 21:56 hive
 9511181 drwxr-xr-x  1000   1000      4096 27-Sep-2017 22:39 patch6_txt
 9461942 drwxr-xr-x  1000   1000      4096  5-Sep-2017 16:19 page
X9464178 -rw-r--r--  1000   1000      1964  7-Sep-2017 21:16 3_scripts_fixed.tar.gz
X9464175 -rw-r--r--  1000   1000      1911  7-Sep-2017 21:39 for_any_type.tar.gz
X9476611 -rw-r--r--  1000   1000      1706 12-Sep-2017 08:50 hive_select_enhanced.sh.tar.gz
 9476997 -rw-r--r--  1000   1000    115043 13-Sep-2017 13:45 fancybox-master.zip
X9437928 -rw-r--r--  1000   1000      2539  7-Sep-2017 21:39 filter_describtion.sh
X9437978 -rw-r--r--  1000   1000      4455 11-Sep-2017 22:42 hive_select_enhanced.sh
 9461893 drwxr-xr-x  1000   1000      4096 29-Aug-2017 04:13 mysql-connector-java-5.1.44
X9477474 -rw-r--r--  1000   1000         0 29-Sep-2017 13:13 facebook_group.py
X9477978 -rw-r--r--  1000   1000         0 29-Sep-2017 13:13 09.txt
X9477803 -rw-r--r--  1000   1000         0 29-Sep-2017 13:13 fb_scrabe.rb
X9477987 -rw-r--r--  1000   1000         0 29-Sep-2017 13:13 09.txt.1
X9477988 -rw-r--r--  1000   1000         0 29-Sep-2017 13:13 09.txt.2
X9478410 drwxr-xr-x  1000   1000         0 29-Sep-2017 13:13 patch5_txt
X9478411 drwxr-xr-x  1000   1000         0 29-Sep-2017 13:13 patch6_txt
 9511180 drwxr-xr-x  1000   1000      4096 28-Sep-2017 00:34 upwork
X9486607 drwxr-xr-x  1000   1000         0 29-Sep-2017 13:13 shari
X9502985 drwxr-xr-x  1000   1000         0 29-Sep-2017 13:13 patch3
X9486601 drwxr-xr-x  1000   1000         0 29-Sep-2017 13:13 patch2
X9494793 drwxr-xr-x  1000   1000         0 29-Sep-2017 13:13 patch1_txt
X9511177 drwxr-xr-x  1000   1000         0 29-Sep-2017 13:13 patch2_txt
X9477986 -rw-r--r--  1000   1000         0 29-Sep-2017 13:13 01.txt
X9543945 drwxr-xr-x  1000   1000         0 29-Sep-2017 13:13 patch4_txt
X9477977 -rw-r--r--  1000   1000         0 29-Sep-2017 13:13 09.txt
X9527561 drwxr-xr-x  1000   1000         0 29-Sep-2017 13:13 patch3_txt
X9477951 -rw-r--r--  1000   1000         0 29-Sep-2017 13:13 08_second.txt
X9477935 -rw-r--r--  1000   1000         0 29-Sep-2017 13:13 09.docx
X9477952 -rw-r--r--  1000   1000         0 29-Sep-2017 13:13 08.docx
X9478409 drwxr-xr-x  1000   1000         0 29-Sep-2017 13:13 patch1
Directory /Basic/Projects
 9437190 drwxr-xr-x  1000   1000      4096 28-Sep-2017 23:53 .
 9437185 drwxr-xr-x  1000   1000      4096 21-Sep-2017 21:30 ..
 9963189 drwxr-xr-x  1000   1000      4096  7-Mar-2017 13:12 Assets
 9713869 drwxr-xr-x  1000   1000      4096 25-Jun-2017 02:40 Python
 10224288 drwxr-xr-x  1000   1000      4096 11-Dec-2016 00:57 Bash
 9461795 drwxr-xr-x  1000   1000      4096 18-Jul-2017 16:03 mpc-hc
 9650181 drwxr-xr-x  1000   1000      4096 16-Aug-2017 05:49 Brave-linux-x64
 9469983 drwxr-xr-x  1000   1000      4096 31-Aug-2017 14:27 npm
 9470186 drwxr-xr-x  1000   1000      4096  9-Sep-2017 22:38 gimp
 9438003 drwxr-xr-x  1000   1000      4096 15-Feb-2017 17:51 webvtt-py-0.3.0
 9478176 drwxr-xr-x  1000   1000      4096 22-Jul-2017 12:36 vtweet
 9912368 drwxr-xr-x  1000   1000      4096 10-Aug-2017 00:14 DayCarer
 9438823 drwxr-xr-x  1000   1000      4096  7-Mar-2017 04:15 vlc
 9437909 drwxr-xr-x  1000   1000      4096 29-Mar-2017 12:11 qt
 9443327 -rw-r--r--  1000   1000        14  5-Mar-2017 15:51 test.py
 9443328 -rw-r--r--  1000   1000       396  1-Mar-2017 14:12 thread.c++
 9439033 drwxr-xr-x  1000   1000      4096 15-Nov-2016 09:11 qmmp
 9470190 drwxr-xr-x  1000   1000      4096 22-Sep-2017 02:37 php-7.1.9
 9437652 drwxr-xr-x  1000   1000      4096  4-Mar-2017 18:56 mld
 10224460 drwxr-xr-x  1000   1000      4096  7-Mar-2017 13:09 ArtWork
 10751660 drwxr-xr-x  1000   1000      4096  7-Mar-2017 13:20 libqtlua-2.1
 9478408 drwxr-xr-x  1000   1000      4096 21-Sep-2017 13:44 pipewire
 9437757 drwxr-xr-x  1000   1000      4096 29-Mar-2017 01:52 highlights
 9574513 drwxr-xr-x  1000   1000      4096 29-Mar-2017 01:53 etkallem
 9478169 drwxr-xr-x  1000   1000      4096 18-Apr-2017 22:33 lfs
 9551878 drwxr-xr-x  1000   1000      4096 23-Apr-2017 15:40 examples
 9560086 drwxr-xr-x  1000   1000      4096 23-Apr-2017 16:00 vlc-qt
 9478170 drwxr-xr-x  1000   1000      4096 25-Apr-2017 00:20 Youtube
 9502746 drwxr-xr-x  1000   1000      4096 24-Apr-2017 18:25 gumbo-query
 9625621 drwxr-xr-x  1000   1000      4096 24-Apr-2017 17:55 gumbo-parser
 9453606 drwxr-xr-x  1000   1000      4096  7-Aug-2017 15:58 VSCode-linux-x64
 9453608 drwxr-xr-x  1000   1000      4096  8-Aug-2017 20:24 PhpStorm-172.3544.41
 9478402 drwxr-xr-x  1000   1000      4096 19-Sep-2017 20:27 sublime_text_3
 9444883 -rwxr-xr-x  1000   1000      9728 25-Apr-2017 12:20 dw
 9444882 -rw-r--r--  1000   1000      1524 25-Apr-2017 12:19 dw.cpp
 9469972 drwxr-xr-x  1000   1000      4096 25-Apr-2017 14:46 YouTube-Download-Library
 9543709 drwxr-xr-x  1000   1000      4096 25-Apr-2017 15:10 youtube-dl-gui
 9461892 drwxr-xr-x  1000   1000      4096  5-Jun-2017 18:39 android-studio
 9551904 drwxr-xr-x  1000   1000      4096 12-May-2017 15:05 clipgrab
 10224235 drwxr-xr-x  1000   1000      4096  9-Dec-2016 13:29 apt-fast
 9437225 drwxr-xr-x  1000   1000      4096 21-Aug-2017 23:59 Cinelerra
 9478145 drwxr-xr-x  1000   1000      4096 10-May-2017 12:33 jhalfs-2.4
 9445377 drwxr-xr-x  1000   1000      4096 31-Mar-2017 01:34 teamviewer
 9601076 drwxr-xr-x  1000   1000      4096 15-Mar-2017 21:03 eb-virt
 9570836 drwxr-xr-x  1000   1000      4096  5-Apr-2017 11:28 netbeans
 9478147 drwxr-xr-x  1000   1000      4096 27-Apr-2017 19:33 kotlinc
 9642243 drwxr-xr-x  1000   1000      4096 21-Sep-2017 13:14 ninja
 9480223 -rw-r--r--  1000   1000  60632122 28-Sep-2017 23:53 firefox-57.0b3.tar.bz2
 9478163 drwxr-xr-x  1000   1000      4096 13-Sep-2017 19:38 php
 9443937 -rw-r--r--  1000   1000       562 25-Jun-2017 14:06 twitter.pyc
 9502991 drwxr-xr-x  1000   1000      4096 29-Sep-2017 07:58 firefox
 9453619 drwxr-xr-x  1000   1000      4096  1-Aug-2017 07:33 node-v6.11.2-linux-x64
X9454749 -rw-r--r--  1000   1000        14 21-Sep-2017 12:50 apache-hive-2.3.0-bin.tar.gz
 9461928 drwxr-xr-x  1000   1000      4096  1-Aug-2017 03:09 hadoop-2.7.4
 9461941 drwxr-xr-x  1000   1000      4096 29-Sep-2017 13:13 freelancer
X9457289 -rw-r--r--  1000   1000      3194 21-Sep-2017 12:50 wine-2.16.tar.xz
 9461947 drwxr-xr-x  1000   1000      4096  6-Sep-2017 00:32 wine-2.16
X9464176 -rw-r--r--  1000   1000     29292 11-Sep-2017 14:55 wps-office_10.1.0.5707~a21_x86_64.tar.xz
 9470173 drwxr-xr-x  1000   1000      4096  9-Jun-2017 12:12 wps-office_10.1.0.5707~a21_x86_64
Directory /Basic
 9437185 drwxr-xr-x  1000   1000      4096 21-Sep-2017 21:30 .
       2 drwxr-xr-x     0      0      4096  4-Sep-2017 22:05 ..
 9437186 drwxr-xr-x  1000   1000     12288 29-Sep-2017 00:10 Downloads
 9437187 drwxr-xr-x  1000   1000      4096  4-Sep-2017 16:51 Documents
 9437189 drwxr-xr-x  1000   1000      4096 26-Sep-2017 16:33 Pictures
 9437190 drwxr-xr-x  1000   1000      4096 28-Sep-2017 23:53 Projects
 9437191 drwxr-xr-x  1000   1000      4096 15-Sep-2017 21:48 Videos
 9713863 drwxr-xr-x  1000   1000      4096  9-Sep-2017 16:04 Music
 9835380 drwxr-xr-x  1000   1000      4096  7-Aug-2017 15:58 Edu
 7602177 drwxr-xr-x  1000   1000      4096 17-Aug-2017 00:48 Movies
 9453621 drwxr-xr-x  1000   1000      4096  5-Feb-2017 18:30 Android
 9461895 drwxr-xr-x  1000   1000      4096 14-Mar-2017 17:10 .local
 9477801 -rw-r--r--  1000   1000      3150 21-Sep-2017 21:30 1
 9961771 drwxr-xr-x  1000   1000      4096 22-Aug-2017 00:02 Isos
 9962628 drwxr-xr-x  1000   1000      4096 16-Dec-2016 20:54 Quran
 10224292 drwxr-xr-x  1000   1000      4096 12-Jan-2017 14:25 Blender
 9469978 drwxr-xr-x  1000   1000      4096  4-Sep-2017 15:07 Series
 9453623 drwxr-xr-x  1000   1000      4096  5-Mar-2017 16:03 AndroidStudioProjects
X9477794 -rw-r--r--  1000   1000    317174 21-Sep-2017 22:26 .1.kate-swp
 9789590 drwxr-xr-x  1000   1000      4096  3-Sep-2017 04:58 VirtualBox VMs
X9477801 -rw-r--r--  1000   1000      3150 21-Sep-2017 21:30 1a27446.new
X7733249 drwxr-xr-x     0      0         0 14-Nov-2016 16:42 Movies
X11010049 drwxr-xr-x  1000   1000         0  4-Sep-2017 15:06 Music
 7471105 drwxr-xr-x  1000   1000      4096 21-Mar-2017 15:35 Notes
X2097153 drwxr-----     0      0         0 14-Nov-2016 16:42 Pictures
X6422529 drwxr-----     0      0         0 14-Nov-2016 16:42 Projects
X10223617 drwxr-xr-x  1000   1000      4096 18-Nov-2016 01:10 Quotes
X8126465 drwxr-xr-x     0      0         0 14-Nov-2016 16:42 Quran
 10756106 drwxr-xr-x  1000   1000      4096  3-Sep-2017 14:37 EXE
X2228225 drwxr-----     0      0         0 14-Nov-2016 16:42 Videos
X     13 -rwxr-xr-x  1000   1000         0  4-Sep-2017 18:08 .bash_history
X     14 -rw-rw-r--  1000   1000         0  5-Feb-2017 15:10 .directory
X     12 -rw-r--r--     0      0         0 18-Sep-2017 22:25 .dmrc
X     26 -rw-r--r--     0      0         0 14-Nov-2016 16:42 .face.icon
X     21 -rw-r-----     0      0         0 17-Mar-2016 19:50 .gksu.lock
X     29 -rw-r--r--     0      0         0 14-Nov-2016 16:42 .goutputstream-47NTDY
X9437425 -rwxr-xr-x  1000   1000     71320 28-Jun-2015 20:31 .Xauthority
X9437186 drwxr-xr-x  1000   1000     12288 29-Sep-2017 00:10 .xsession-errors
X9568257 drwxr-xr-x  1000   1000      4096  7-Mar-2017 04:09 .opera
X9568488 -rw-r--r--  1000   1000     18806  7-Mar-2017 04:09 .adobe
X9568492 -rw-r--r--  1000   1000      6079  7-Mar-2017 04:09 .macromedia
X9570428 -rw-r--r--  1000   1000         8  7-Mar-2017 04:34 .kodi
X9437234 -rw-r--r--  1000   1000       257 21-Dec-2015 23:16 .icons
X9961513 -rw-r--r--  1000   1000   3541389 18-Nov-2016 01:07 .gnome
 9437188 drwxr-xr-x  1000   1000      4096  9-Mar-2016 19:25 .gimp-2.8
X9437191 drwxr-xr-x  1000   1000      4096 15-Sep-2017 21:48 .codeblocks
X9437423 -rwxr-xr-x  1000   1000     65300 28-Jun-2015 20:31 Eclipse
X9445377 drwxr-xr-x  1000   1000      4096 31-Mar-2017 01:34 .ssh
X9437235 -rw-r--r--  1000   1000       260 21-Dec-2015 23:16 .recently-used
X9437424 -rwxr-xr-x  1000   1000     65296 28-Jun-2015 20:31 Lyrics
X9437427 -rw-r--r--  1000   1000     58716 28-Jun-2015 20:31 Android
 9445649 drwxr-xr-x  1000   1000      4096 27-Nov-2016 12:38 NetBeansProjects
X9445673 -rwxrwxrwx  1000   1000   5763681 14-Nov-2013 05:04 lfs.commands
X9833749 -rw-r--r--  1000   1000         4 15-Mar-2017 21:03 Sources
Directory /
       2 drwxr-xr-x     0      0      4096  4-Sep-2017 22:05 .
       2 drwxr-xr-x     0      0      4096  4-Sep-2017 22:05 ..
 8519681 drwxr-xr-x  1000   1000      4096 29-Sep-2017 12:53 red
  786433 drwxr-xr-x  1001   1001      4096 11-Sep-2017 22:40 hduser
 9437185 drwxr-xr-x  1000   1000      4096 21-Sep-2017 21:30 Basic
X     12 -rw-r--r--     0      0         0 18-Sep-2017 22:25 1
X11010049 drwxr-xr-x  1000   1000         0  4-Sep-2017 15:06 TEMP
X     13 -rwxr-xr-x  1000   1000         0  4-Sep-2017 18:08 hive_select.sh
X6029313 drwx------     0      0         0 14-Nov-2016 16:42 .cache
X 524289 drwxr-xr-x     0      0         0 14-Nov-2016 16:42 .hplip
X 786433 drwxr-xr-x  1001   1001      4096 11-Sep-2017 22:40 .thumbnails
X9961473 drwxr-xr-x  1000   1000      4096 18-Nov-2016 01:07 .pki
X4456449 drwxr-xr-x  1000   1000         0 21-Jun-2017 21:56 DEB
X     13 -rwxr-xr-x  1000   1000         0  4-Sep-2017 18:08 .bash_history
X7733249 drwxr-xr-x     0      0         0 14-Nov-2016 16:42 Movies
X6422529 drwxr-----     0      0         0 14-Nov-2016 16:42 Projects
X2490369 drwxr-xr-x  1000   1000      4096 22-Dec-2016 19:47 .sami
X     14 -rw-rw-r--  1000   1000         0  5-Feb-2017 15:10 .directory
X12058625 drwx------     0      0         0 14-Nov-2016 16:42 .gnome2
X12320769 drwx------  1000   1000         0 17-Aug-2017 00:46 .gnome2_private
X11665409 drwxr-xr-x  1000   1000         0 15-Aug-2017 10:57 .gconf
X7340033 drwx------     0      0         0 14-Nov-2016 16:42 .mozilla
X7471105 drwxr-xr-x  1000   1000      4096 21-Mar-2017 15:35 Notes
X     12 -rw-r--r--     0      0         0 18-Sep-2017 22:25 .dmrc
X10223617 drwxr-xr-x  1000   1000      4096 18-Nov-2016 01:10 Quotes
X7602177 drwxr-xr-x  1000   1000      4096 17-Aug-2017 00:48 Isos
X7864321 drwxr-xr-x     0      0         0 14-Nov-2016 16:50 Edu
X     26 -rw-r--r--     0      0         0 14-Nov-2016 16:42 .face.icon
X8126465 drwxr-xr-x     0      0         0 14-Nov-2016 16:42 Quran
X6946817 drwxr-xr-x     0      0         0 14-Nov-2016 16:42 .qmmp
X     16 -rw-r--r--     0      0         0 14-Nov-2016 15:36 Kleos_1.2a04_amd64.7z
X3538945 drwxr-xr-x  1000   1000         0 16-Mar-2016 14:19 Series
X     21 -rw-r-----     0      0         0 17-Mar-2016 19:50 .gksu.lock
X9043969 drwxr-xr-x     0      0         0 14-Nov-2016 16:42 .gstreamer-0.10
X     29 -rw-r--r--     0      0         0 14-Nov-2016 16:42 .goutputstream-47NTDY
X9437185 drwxr-xr-x  1000   1000      4096 21-Sep-2017 21:30 first
X9306113 drwxr-xr-x     0      0         0 14-Nov-2016 16:42 .wine
X     30 drwxr-xr-x  1000   1000         0 16-Nov-2016 03:50 baloo-xattr-check-{978f561f-65c0-430f-a5af-2deb54065eb8}
X     22 -rwxr-----     0      0         0 14-Nov-2016 16:42 linux-4.3.2.tar.xz
X     23 drwxr-xr-x  1000   1000         0 16-Nov-2016 03:50 Linux_kernel_INPUT_OUPUT_evdev_gem_USB_framebuffer.svg
X     24 -rw-r--r--  1000   1000  75492552 24-Feb-2016 12:47 VIDEO_DRVR_WIN_R288344.EXE
X     25 drwxr-xr-x  1000   1000         0 16-Nov-2016 03:50 xflux

TestDisk exited normally.
